Microchip MPLAB XC8 Compiler V2.46

Linker command line:

-W-3 \
  --edf=C:\Program Files\Microchip\xc8\v2.46\pic\dat\20240104201356_en.msgs \
  -cn -h+dist/default/production\EEPROM_LOAD.X.production.sym \
  --cmf=dist/default/production\EEPROM_LOAD.X.production.cmf -z -Q16F877A \
  -oC:\Users\MOSIN\AppData\Local\Temp\xcAse0c.\driver_tmp_3.o \
  --defsym=__MPLAB_BUILD=1 --fixupoverflow=error \
  -Mdist/default/production/EEPROM_LOAD.X.production.map \
  --md=C:\Users\MOSIN\AppData\Local\Temp\xcAse0c.\driver_tmp_0.dat -E1 \
  -ver=XC8 Compiler --acfsm=1493 -ACODE=00h-07FFhx4 -ASTRCODE=00h-01FFFh \
  -ASTRING=00h-0FFhx32 -ACONST=00h-0FFhx32 -AENTRY=00h-0FFhx32 \
  -ACOMMON=070h-07Fh -ABANK0=020h-06Fh -ABANK1=0A0h-0EFh \
  -ABANK2=0110h-016Fh -ABANK3=0190h-01EFh \
  -ARAM=020h-06Fh,0A0h-0EFh,0110h-016Fh,0190h-01EFh \
  -AABS1=020h-07Fh,0A0h-0EFh,0110h-016Fh,0190h-01EFh -ASFR0=00h-01Fh \
  -ASFR1=080h-09Fh -ASFR2=0100h-010Fh -ASFR3=0180h-018Fh \
  -ACONFIG=02007h-02007h -DCONFIG=2 -AIDLOC=02000h-02003h -DIDLOC=2 \
  -AEEDATA=00h-0FFh/02100h -peeprom_data=EEDATA -DEEDATA=2 -DCODE=2 \
  -DSTRCODE=2 -DSTRING=2 -DCONST=2 -DENTRY=2 \
  -preset_vec=00h,intentry,sivt,init,end_init -ppowerup=CODE -pcinit=CODE \
  -pfunctab=ENTRY -k \
  C:\Users\MOSIN\AppData\Local\Temp\xcAse0c.\driver_tmp_12.o \
  dist/default/production\EEPROM_LOAD.X.production.o 

Object code version is 3.11

Machine type is 16F877A



                Name                               Link     Load   Length Selector   Space Scale
C:\Users\MOSIN\AppData\Local\Temp\xcAse0c.\driver_tmp_12.o
                end_init                              0        0        3        0       0
                config                             2007     2007        1        0       4
                idloc                              2000     2000        4        0       5
dist/default/production\EEPROM_LOAD.X.production.o
                cinit                               7FC      7FC        4      FF8       0
                config                             2007     2007        1        0       4
                idloc                              2000     2000        4        0       5
                text7                               796      796       66      F2C       0
                text6                               75E      75E       38      EBC       0
                text5                               700      700        D      E00       0
                text4                               6E3      6E3        9      DC6       0
                text3                               6EC      6EC        9      DD8       0
                text2                               6F5      6F5        B      DEA       0
                text1                               70D      70D       1E      E1A       0
                maintext                            72B      72B       33      E56       0
                cstackBANK0                          20       20        8       20       1
                cstackCOMMON                         70       70        E       70       1

TOTAL           Name                               Link     Load   Length     Space
        CLASS   CODE           
                end_init                              0        0        3         0
                cinit                               7FC      7FC        4         0
                text7                               796      796       66         0
                text6                               75E      75E       38         0
                text5                               700      700        D         0
                text4                               6E3      6E3        9         0
                text3                               6EC      6EC        9         0
                text2                               6F5      6F5        B         0
                text1                               70D      70D       1E         0
                maintext                            72B      72B       33         0

        CLASS   STRCODE        

        CLASS   STRING         

        CLASS   CONST          

        CLASS   ENTRY          

        CLASS   COMMON         
                cstackCOMMON                         70       70        E         1

        CLASS   BANK0          
                cstackBANK0                          20       20        8         1

        CLASS   BANK1          

        CLASS   BANK2          

        CLASS   BANK3          

        CLASS   RAM            

        CLASS   ABS1           
                abs_s1                               7E       7E        2         1

        CLASS   SFR0           

        CLASS   SFR1           

        CLASS   SFR2           

        CLASS   SFR3           

        CLASS   CONFIG         
                config                             2007     2007        1         4

        CLASS   IDLOC          
                idloc                              2000     2000        4         5

        CLASS   EEDATA         

        CLASS   HEAP           

        CLASS   STACK          



SEGMENTS        Name                           Load    Length   Top    Selector   Space  Class     Delta

                reset_vec                      000000  000003  000003         0       0  CODE        2
                cstackBANK0                    000020  000008  000028        20       1  BANK0       1
                cstackCOMMON                   000070  00000E  00007E        70       1  COMMON      1
                text4                          0006E3  000009  0006EC       DC6       0  CODE        2
                text3                          0006EC  000009  0006F5       DD8       0  CODE        2
                text2                          0006F5  00000B  000700       DEA       0  CODE        2
                text5                          000700  00000D  00070D       E00       0  CODE        2
                text1                          00070D  00001E  00072B       E1A       0  CODE        2
                maintext                       00072B  000033  00075E       E56       0  CODE        2
                text6                          00075E  000038  000796       EBC       0  CODE        2
                text7                          000796  000066  0007FC       F2C       0  CODE        2
                cinit                          0007FC  000004  000800       FF8       0  CODE        2


UNUSED ADDRESS RANGES

        Name                Unused          Largest block    Delta
        BANK0            0028-006F             48           1
        BANK1            00A0-00EF             50           1
        BANK2            0110-016F             60           1
        BANK3            0190-01EF             60           1
        CODE             0003-06E2            6E0           2
                         0800-1FFF            800
        CONST            0003-06E2            100           2
                         0800-1FFF            100
        EEDATA           2100-21FF            100           2
        ENTRY            0003-06E2            100           2
                         0800-1FFF            100
        RAM              0028-006F             48           1
                         00A0-00EF             50
                         0110-016F             60
                         0190-01EF             60
        SFR0             0000-001F             20           1
        SFR1             0080-009F             20           1
        SFR2             0100-010F             10           1
        SFR3             0180-018F             10           1
        STRCODE          0003-06E2            6E0           2
                         0800-1FFF           1800
        STRING           0003-06E2            100           2
                         0800-1FFF            100

                                  Symbol Table

?___lldiv                  cstackCOMMON 0070
_ACKDT                     (abs)        048D
_ACKEN                     (abs)        048C
_ACKSTAT                   (abs)        048E
_PEN                       (abs)        048A
_RCEN                      (abs)        048B
_R_nW                      (abs)        04A2
_SEN                       (abs)        0488
_SSPADD                    (abs)        0093
_SSPBUF                    (abs)        0013
_SSPCON                    (abs)        0014
_SSPCON2                   (abs)        0091
_SSPEN                     (abs)        00A5
__H__absolute__            __absolute__ 0000
__Habs1                    abs1         0000
__Hbank0                   bank0        0000
__Hbank1                   bank1        0000
__Hbank2                   bank2        0000
__Hbank3                   bank3        0000
__Hcinit                   cinit        0800
__Hclrtext                 clrtext      0000
__Hcode                    code         0000
__Hcommon                  common       0000
__Hconfig                  config       2008
__HcstackBANK0             cstackBANK0  0000
__HcstackCOMMON            cstackCOMMON 0000
__Heeprom_data             eeprom_data  0000
__Hend_init                end_init     0003
__Hfunctab                 functab      0000
__Hheap                    heap         0000
__Hidloc                   idloc        2004
__Hinit                    init         0000
__Hintentry                intentry     0000
__Hmaintext                maintext     0000
__Hpowerup                 powerup      0000
__Hram                     ram          0000
__Hreset_vec               reset_vec    0000
__Hsfr0                    sfr0         0000
__Hsfr1                    sfr1         0000
__Hsfr2                    sfr2         0000
__Hsfr3                    sfr3         0000
__Hsivt                    sivt         0000
__Hspace_0                 (abs)        0800
__Hspace_1                 (abs)        007E
__Hspace_2                 (abs)        0000
__Hspace_3                 (abs)        0000
__Hspace_4                 (abs)        400F
__Hstack                   stack        0000
__Hstrings                 strings      0000
__Htext                    text         0000
__L__absolute__            __absolute__ 0000
__Labs1                    abs1         0000
__Lbank0                   bank0        0000
__Lbank1                   bank1        0000
__Lbank2                   bank2        0000
__Lbank3                   bank3        0000
__Lcinit                   cinit        07FC
__Lclrtext                 clrtext      0000
__Lcode                    code         0000
__Lcommon                  common       0000
__Lconfig                  config       0000
__LcstackBANK0             cstackBANK0  0000
__LcstackCOMMON            cstackCOMMON 0000
__Leeprom_data             eeprom_data  0000
__Lend_init                end_init     0000
__Lfunctab                 functab      0000
__Lheap                    heap         0000
__Lidloc                   idloc        0000
__Linit                    init         0000
__Lintentry                intentry     0000
__Lmaintext                maintext     0000
__Lpowerup                 powerup      0000
__Lram                     ram          0000
__Lreset_vec               reset_vec    0000
__Lsfr0                    sfr0         0000
__Lsfr1                    sfr1         0000
__Lsfr2                    sfr2         0000
__Lsfr3                    sfr3         0000
__Lsivt                    sivt         0000
__Lspace_0                 (abs)        0000
__Lspace_1                 (abs)        0000
__Lspace_2                 (abs)        0000
__Lspace_3                 (abs)        0000
__Lspace_4                 (abs)        0000
__Lstack                   stack        0000
__Lstrings                 strings      0000
__Ltext                    text         0000
__S0                       (abs)        0800
__S1                       (abs)        007E
__S3                       (abs)        0000
___heap_hi                 (abs)        0000
___heap_lo                 (abs)        0000
___int_sp                  stack        0000
___int_stack_hi            stack        0000
___int_stack_lo            stack        0000
___latbits                 (abs)        0002
___lldiv                   text7        0796
___lldiv@counter           cstackCOMMON 007D
___lldiv@dividend          cstackCOMMON 0074
___lldiv@divisor           cstackCOMMON 0070
___lldiv@quotient          cstackCOMMON 0079
___sp                      stack        0000
___stack_hi                stack        0000
___stack_lo                stack        0000
___stackhi                 (abs)        0000
___stacklo                 (abs)        0000
__end_of___lldiv           text7        07FC
__end_of__initialization   cinit        07FC
__end_of_i2c_start         text4        06EC
__end_of_i2c_stop          text3        06F5
__end_of_i2c_wait_for_idle text5        070D
__end_of_i2c_write         text2        0700
__end_of_init_i2c          text6        0796
__end_of_main              maintext     075E
__end_of_write_ext_eeprom  text1        072B
__initialization           cinit        07FC
__pcstackBANK0             cstackBANK0  0020
__pcstackCOMMON            cstackCOMMON 0070
__pmaintext                maintext     072B
__ptext1                   text1        070D
__ptext2                   text2        06F5
__ptext3                   text3        06EC
__ptext4                   text4        06E3
__ptext5                   text5        0700
__ptext6                   text6        075E
__ptext7                   text7        0796
_i2c_start                 text4        06E3
_i2c_stop                  text3        06EC
_i2c_wait_for_idle         text5        0700
_i2c_write                 text2        06F5
_init_i2c                  text6        075E
_main                      maintext     072B
_write_ext_eeprom          text1        070D
btemp                      (abs)        007E
end_of_initialization      cinit        07FC
i2c_write@data             cstackCOMMON 0070
init_i2c@baud              cstackBANK0  0020
intlevel0                  functab      0000
intlevel1                  functab      0000
intlevel2                  functab      0000
intlevel3                  functab      0000
intlevel4                  functab      0000
intlevel5                  functab      0000
reset_vec                  reset_vec    0000
start                      init         0000
start_initialization       cinit        07FC
write_ext_eeprom@address   cstackCOMMON 0072
write_ext_eeprom@data      cstackCOMMON 0071
wtemp0                     (abs)        007E


MODULE INFORMATION

Module		Function		Class		Link	Load	Size
i2c.c
		_i2c_start     		CODE           	06E3	0000	9
		_i2c_write     		CODE           	06F5	0000	11
		_i2c_stop      		CODE           	06EC	0000	9
		_init_i2c      		CODE           	075E	0000	56
		_i2c_wait_for_idle		CODE           	0700	0000	13

i2c.c estimated size: 98

shared
		__initialization		CODE           	07FC	0000	1

shared estimated size: 1

C:\Program Files\Microchip\xc8\v2.46\pic\sources\c99\common\__lldiv.c
		___lldiv       		CODE           	0796	0000	102

C:\Program Files\Microchip\xc8\v2.46\pic\sources\c99\common\__lldiv.c estimated size: 102

ext_eeprom.c
		_write_ext_eeprom		CODE           	070D	0000	30

ext_eeprom.c estimated size: 30

main.c
		_main          		CODE           	072B	0000	51

main.c estimated size: 51

