Microchip MPLAB XC8 Compiler V2.46

Linker command line:

-W-3 \
  --edf=C:\Program Files\Microchip\xc8\v2.46\pic\dat\20240104201356_en.msgs \
  -cn -h+dist/default/production\Car_black_box.X.production.sym \
  --cmf=dist/default/production\Car_black_box.X.production.cmf -z -Q16F877A \
  -oC:\Users\MOSIN\AppData\Local\Temp\xcBs98o.1\driver_tmp_3.o \
  --defsym=__MPLAB_BUILD=1 --fixupoverflow=error \
  -Mdist/default/production/Car_black_box.X.production.map \
  --md=C:\Users\MOSIN\AppData\Local\Temp\xcBs98o.1\driver_tmp_0.dat -E1 \
  -ver=XC8 Compiler --acfsm=1493 -ACODE=00h-07FFhx4 -ASTRCODE=00h-01FFFh \
  -ASTRING=00h-0FFhx32 -ACONST=00h-0FFhx32 -AENTRY=00h-0FFhx32 \
  -ACOMMON=070h-07Fh -ABANK0=020h-06Fh -ABANK1=0A0h-0EFh \
  -ABANK2=0110h-016Fh -ABANK3=0190h-01EFh \
  -ARAM=020h-06Fh,0A0h-0EFh,0110h-016Fh,0190h-01EFh \
  -AABS1=020h-07Fh,0A0h-0EFh,0110h-016Fh,0190h-01EFh -ASFR0=00h-01Fh \
  -ASFR1=080h-09Fh -ASFR2=0100h-010Fh -ASFR3=0180h-018Fh \
  -ACONFIG=02007h-02007h -DCONFIG=2 -AIDLOC=02000h-02003h -DIDLOC=2 \
  -AEEDATA=00h-0FFh/02100h -peeprom_data=EEDATA -DEEDATA=2 -DCODE=2 \
  -DSTRCODE=2 -DSTRING=2 -DCONST=2 -DENTRY=2 \
  -preset_vec=00h,intentry=04h,sivt,init,end_init -ppowerup=CODE \
  -pcinit=CODE -pfunctab=ENTRY -k \
  C:\Users\MOSIN\AppData\Local\Temp\xcBs98o.1\driver_tmp_12.o \
  dist/default/production\Car_black_box.X.production.o 

Object code version is 3.11

Machine type is 16F877A



                Name                               Link     Load   Length Selector   Space Scale
C:\Users\MOSIN\AppData\Local\Temp\xcBs98o.1\driver_tmp_12.o
                end_init                              C        C        3        8       0
                reset_vec                             0        0        3        0       0
                config                             2007     2007        1        0       4
                idloc                              2000     2000        4        0       5
dist/default/production\Car_black_box.X.production.o
                cinit                                 F        F       30        8       0
                intentry                              4        4        8        8       0
                config                             2007     2007        1        0       4
                idloc                              2000     2000        4        0       5
                text46                             17C8     17C8       38     2F90       0
                text45                              93F      93F       3D     127E       0
                text44                              7CD      7CD       2F        8       0
                text43                             16ED     16ED       27     2DDA       0
                text42                              2F4      2F4      1CF        8       0
                text41                              755      755       78        8       0
                text40                              97C      97C       44     12F8       0
                text39                              903      903       3C     1206       0
                text38                              CAA      CAA       BA     1954       0
                text37                              BD8      BD8       69     17B0       0
                text36                             166D     166D       1F     2CDA       0
                text35                              F13      F13       ED     1E26       0
                text34                             15BF     15BF        D     2B7E       0
                text33                             16AB     16AB       21     2D56       0
                text32                             1581     1581        9     2B02       0
                text31                             158A     158A        9     2B14       0
                text30                             1593     1593        B     2B26       0
                text29                             159E     159E        B     2B3C       0
                text28                             173E     173E       2B     2E7C       0
                text27                             16CC     16CC       21     2D98       0
                text26                              8E7      8E7        7     11CE       0
                text25                              B0D      B0D       63     161A       0
                text24                             15A9     15A9        B     2B52       0
                text23                             1573     1573        6     2AE6       0
                text22                             1631     1631       1E     2C62       0
                text21                             15F6     15F6       13     2BEC       0
                text20                              B70      B70       68     16E0       0
                text19                             1794     1794       34     2F28       0
                text18                             15CC     15CC        D     2B98       0
                text17                             1769     1769       2B     2ED2       0
                text16                              A5D      A5D       57     14BA       0
                text15                              9C0      9C0       4D     1380       0
                text14                              C41      C41       69     1882       0
                text13                              AB4      AB4       59     1568       0
                text12                             161C     161C       15     2C38       0
                text11                             15D9     15D9        D     2BB2       0
                text10                              A0D      A0D       50     141A       0
                text9                               4C3      4C3      167        8       0
                text8                               E2A      E2A       E9     1C54       0
                text7                              15B4     15B4        B     2B68       0
                text6                              168C     168C       1F     2D18       0
                text5                              1714     1714       2A     2E28       0
                text4                               8EE      8EE       15     11DC       0
                text3                              164F     164F       1E     2C9E       0
                text2                               D64      D64       C6     1AC8       0
                text1                               62A      62A      12B        8       0
                maintext                             3F       3F      2B5        8       0
                cstackBANK0                          20       20       3A       20       1
                cstackCOMMON                         70       70        9       70       1
                cstackBANK1                          D4       D4        F       A0       1
                clrtext                            1579     1579        8     2AF2       0
                inittext                           1609     1609       13     2C12       0
                dataBANK1                            C4       C4       10       A0       1
                bssBANK1                             A0       A0       24       A0       1
                dataBANK0                            62       62        1       20       1
                bssBANK0                             5A       5A        8       20       1
                dataCOMMON                           7B       7B        1       70       1
                bssCOMMON                            79       79        2       70       1
                strings                             800      800       E7     1000       0
                idataBANK1                         15E6     15E6       10     2BCC       0
                idataBANK0                          7FD      7FD        1        8       0
                idataCOMMON                         7FC      7FC        1        8       0

TOTAL           Name                               Link     Load   Length     Space
        CLASS   CODE           
                end_init                              C        C        3         0
                cinit                                 F        F       30         0
                intentry                              4        4        8         0
                reset_vec                             0        0        3         0
                text46                             17C8     17C8       38         0
                text45                              93F      93F       3D         0
                text44                              7CD      7CD       2F         0
                text43                             16ED     16ED       27         0
                text42                              2F4      2F4      1CF         0
                text41                              755      755       78         0
                text40                              97C      97C       44         0
                text39                              903      903       3C         0
                text38                              CAA      CAA       BA         0
                text37                              BD8      BD8       69         0
                text36                             166D     166D       1F         0
                text35                              F13      F13       ED         0
                text34                             15BF     15BF        D         0
                text33                             16AB     16AB       21         0
                text32                             1581     1581        9         0
                text31                             158A     158A        9         0
                text30                             1593     1593        B         0
                text29                             159E     159E        B         0
                text28                             173E     173E       2B         0
                text27                             16CC     16CC       21         0
                text26                              8E7      8E7        7         0
                text25                              B0D      B0D       63         0
                text24                             15A9     15A9        B         0
                text23                             1573     1573        6         0
                text22                             1631     1631       1E         0
                text21                             15F6     15F6       13         0
                text20                              B70      B70       68         0
                text19                             1794     1794       34         0
                text18                             15CC     15CC        D         0
                text17                             1769     1769       2B         0
                text16                              A5D      A5D       57         0
                text15                              9C0      9C0       4D         0
                text14                              C41      C41       69         0
                text13                              AB4      AB4       59         0
                text12                             161C     161C       15         0
                text11                             15D9     15D9        D         0
                text10                              A0D      A0D       50         0
                text9                               4C3      4C3      167         0
                text8                               E2A      E2A       E9         0
                text7                              15B4     15B4        B         0
                text6                              168C     168C       1F         0
                text5                              1714     1714       2A         0
                text4                               8EE      8EE       15         0
                text3                              164F     164F       1E         0
                text2                               D64      D64       C6         0
                text1                               62A      62A      12B         0
                maintext                             3F       3F      2B5         0
                clrtext                            1579     1579        8         0
                inittext                           1609     1609       13         0
                idataBANK1                         15E6     15E6       10         0
                idataBANK0                          7FD      7FD        1         0
                idataCOMMON                         7FC      7FC        1         0

        CLASS   STRCODE        

        CLASS   STRING         
                strings                             800      800       E7         0

        CLASS   CONST          

        CLASS   ENTRY          

        CLASS   COMMON         
                cstackCOMMON                         70       70        9         1
                dataCOMMON                           7B       7B        1         1
                bssCOMMON                            79       79        2         1

        CLASS   BANK0          
                cstackBANK0                          20       20       3A         1
                dataBANK0                            62       62        1         1
                bssBANK0                             5A       5A        8         1

        CLASS   BANK1          
                cstackBANK1                          D4       D4        F         1
                dataBANK1                            C4       C4       10         1
                bssBANK1                             A0       A0       24         1

        CLASS   BANK2          

        CLASS   BANK3          

        CLASS   RAM            

        CLASS   ABS1           
                abs_s1                               7E       7E        2         1

        CLASS   SFR0           

        CLASS   SFR1           

        CLASS   SFR2           

        CLASS   SFR3           

        CLASS   CONFIG         
                config                             2007     2007        1         4

        CLASS   IDLOC          
                idloc                              2000     2000        4         5

        CLASS   EEDATA         

        CLASS   HEAP           

        CLASS   STACK          



SEGMENTS        Name                           Load    Length   Top    Selector   Space  Class     Delta

                reset_vec                      000000  000003  000003         0       0  CODE        2
                intentry                       000004  0007FA  0007FE         8       0  CODE        2
                cstackBANK0                    000020  000043  000063        20       1  BANK0       1
                cstackCOMMON                   000070  00000C  00007C        70       1  COMMON      1
                bssBANK1                       0000A0  000043  0000E3        A0       1  BANK1       1
                strings                        000800  0000E7  0008E7      1000       0  STRING      2
                text26                         0008E7  000007  0008EE      11CE       0  CODE        2
                text4                          0008EE  000015  000903      11DC       0  CODE        2
                text39                         000903  00003C  00093F      1206       0  CODE        2
                text45                         00093F  00003D  00097C      127E       0  CODE        2
                text40                         00097C  000044  0009C0      12F8       0  CODE        2
                text15                         0009C0  00004D  000A0D      1380       0  CODE        2
                text10                         000A0D  000050  000A5D      141A       0  CODE        2
                text16                         000A5D  000057  000AB4      14BA       0  CODE        2
                text13                         000AB4  000059  000B0D      1568       0  CODE        2
                text25                         000B0D  000063  000B70      161A       0  CODE        2
                text20                         000B70  000068  000BD8      16E0       0  CODE        2
                text37                         000BD8  000069  000C41      17B0       0  CODE        2
                text14                         000C41  000069  000CAA      1882       0  CODE        2
                text38                         000CAA  0000BA  000D64      1954       0  CODE        2
                text2                          000D64  0000C6  000E2A      1AC8       0  CODE        2
                text8                          000E2A  0000E9  000F13      1C54       0  CODE        2
                text35                         000F13  0000ED  001000      1E26       0  CODE        2
                text23                         001573  000006  001579      2AE6       0  CODE        2
                clrtext                        001579  000008  001581      2AF2       0  CODE        2
                text32                         001581  000009  00158A      2B02       0  CODE        2
                text31                         00158A  000009  001593      2B14       0  CODE        2
                text30                         001593  00000B  00159E      2B26       0  CODE        2
                text29                         00159E  00000B  0015A9      2B3C       0  CODE        2
                text24                         0015A9  00000B  0015B4      2B52       0  CODE        2
                text7                          0015B4  00000B  0015BF      2B68       0  CODE        2
                text34                         0015BF  00000D  0015CC      2B7E       0  CODE        2
                text18                         0015CC  00000D  0015D9      2B98       0  CODE        2
                text11                         0015D9  00000D  0015E6      2BB2       0  CODE        2
                idataBANK1                     0015E6  000010  0015F6      2BCC       0  CODE        2
                text21                         0015F6  000013  001609      2BEC       0  CODE        2
                inittext                       001609  000013  00161C      2C12       0  CODE        2
                text12                         00161C  000015  001631      2C38       0  CODE        2
                text22                         001631  00001E  00164F      2C62       0  CODE        2
                text3                          00164F  00001E  00166D      2C9E       0  CODE        2
                text36                         00166D  00001F  00168C      2CDA       0  CODE        2
                text6                          00168C  00001F  0016AB      2D18       0  CODE        2
                text33                         0016AB  000021  0016CC      2D56       0  CODE        2
                text27                         0016CC  000021  0016ED      2D98       0  CODE        2
                text43                         0016ED  000027  001714      2DDA       0  CODE        2
                text5                          001714  00002A  00173E      2E28       0  CODE        2
                text28                         00173E  00002B  001769      2E7C       0  CODE        2
                text17                         001769  00002B  001794      2ED2       0  CODE        2
                text19                         001794  000034  0017C8      2F28       0  CODE        2
                text46                         0017C8  000038  001800      2F90       0  CODE        2


UNUSED ADDRESS RANGES

        Name                Unused          Largest block    Delta
        BANK0            0063-006F              D           1
        BANK1            00E3-00EF              D           1
        BANK2            0110-016F             60           1
        BANK3            0190-01EF             60           1
        CODE             0003-0003              1           2
                         07FE-07FF              2
                         1000-1572            573
                         1800-1FFF            800
        COMMON           007C-007D              2           1
        CONST            0003-0003              1           2
                         07FE-07FF              2
                         1000-1572            100
                         1800-1FFF            100
        EEDATA           2100-21FF            100           2
        ENTRY            0003-0003              1           2
                         07FE-07FF              2
                         1000-1572            100
                         1800-1FFF            100
        RAM              0063-006F              D           1
                         00E3-00EF              D
                         0110-016F             60
                         0190-01EF             60
        SFR0             0000-001F             20           1
        SFR1             0080-009F             20           1
        SFR2             0100-010F             10           1
        SFR3             0180-018F             10           1
        STRCODE          0003-0003              1           2
                         07FE-07FF              2
                         1000-1572            573
                         1800-1FFF            800
        STRING           0003-0003              1           2
                         07FE-07FF              2
                         1000-1572            100
                         1800-1FFF            100

                                  Symbol Table

?___awdiv                        cstackCOMMON 0072
?___awmod                        cstackCOMMON 0072
?___fldiv                        cstackBANK0  002E
?___fltol                        cstackBANK0  0048
?___lldiv                        cstackBANK0  0020
?___lwdiv                        cstackCOMMON 0072
?___lwmod                        cstackBANK0  0020
?___xxtofl                       cstackBANK0  0020
?_read_adc                       cstackCOMMON 0072
?_strncmp                        cstackCOMMON 0072
_ACKDT                           (abs)        048D
_ACKEN                           (abs)        048C
_ACKSTAT                         (abs)        048E
_ADCON0                          (abs)        001F
_ADDEN                           (abs)        00C3
_ADFM                            (abs)        04FF
_ADON                            (abs)        00F8
_ADRESH                          (abs)        001E
_ADRESL                          (abs)        009E
_BRGH                            (abs)        04C2
_CREN                            (abs)        00C4
_CSRC                            (abs)        04C7
_FERR                            (abs)        00C2
_GIE                             (abs)        005F
_GO                              (abs)        00FA
_OERR                            (abs)        00C1
_PEIE                            (abs)        005E
_PEN                             (abs)        048A
_PORTB                           (abs)        0006
_PORTD                           (abs)        0008
_PR2                             (abs)        0092
_RCEN                            (abs)        048B
_RCIE                            (abs)        0465
_RCIF                            (abs)        0065
_RCREG                           (abs)        001A
_RE1                             (abs)        0049
_RE2                             (abs)        004A
_RX9                             (abs)        00C6
_RX9D                            (abs)        00C0
_R_nW                            (abs)        04A2
_SEN                             (abs)        0488
_SPBRG                           (abs)        0099
_SPEN                            (abs)        00C7
_SREN                            (abs)        00C5
_SSPADD                          (abs)        0093
_SSPBUF                          (abs)        0013
_SSPCON2                         (abs)        0091
_SSPEN                           (abs)        00A5
_SSPM3                           (abs)        00A3
_SYNC                            (abs)        04C4
_T2CKPS0                         (abs)        0090
_T2CKPS1                         (abs)        0091
_TMR2IE                          (abs)        0461
_TMR2IF                          (abs)        0061
_TMR2ON                          (abs)        0092
_TRISB                           (abs)        0086
_TRISC6                          (abs)        043E
_TRISC7                          (abs)        043F
_TRISD                           (abs)        0088
_TRISE1                          (abs)        0449
_TRISE2                          (abs)        044A
_TRMT                            (abs)        04C1
_TX9                             (abs)        04C6
_TX9D                            (abs)        04C0
_TXEN                            (abs)        04C5
_TXIE                            (abs)        0464
_TXIF                            (abs)        0064
_TXREG                           (abs)        0019
__H__absolute__                  __absolute__ 0000
__Habs1                          abs1         0000
__Hbank0                         bank0        0000
__Hbank1                         bank1        0000
__Hbank2                         bank2        0000
__Hbank3                         bank3        0000
__HbssBANK0                      bssBANK0     0000
__HbssBANK1                      bssBANK1     0000
__HbssCOMMON                     bssCOMMON    0000
__Hcinit                         cinit        003F
__Hclrtext                       clrtext      0000
__Hcode                          code         0000
__Hcommon                        common       0000
__Hconfig                        config       2008
__HcstackBANK0                   cstackBANK0  0000
__HcstackBANK1                   cstackBANK1  0000
__HcstackCOMMON                  cstackCOMMON 0000
__HdataBANK0                     dataBANK0    0000
__HdataBANK1                     dataBANK1    0000
__HdataCOMMON                    dataCOMMON   0000
__Heeprom_data                   eeprom_data  0000
__Hend_init                      end_init     000F
__Hfunctab                       functab      0000
__Hheap                          heap         0000
__HidataBANK0                    idataBANK0   0000
__HidataBANK1                    idataBANK1   0000
__HidataCOMMON                   idataCOMMON  0000
__Hidloc                         idloc        2004
__Hinit                          init         000C
__Hinittext                      inittext     0000
__Hintentry                      intentry     000C
__Hmaintext                      maintext     0000
__Hpowerup                       powerup      0000
__Hram                           ram          0000
__Hreset_vec                     reset_vec    0003
__Hsfr0                          sfr0         0000
__Hsfr1                          sfr1         0000
__Hsfr2                          sfr2         0000
__Hsfr3                          sfr3         0000
__Hsivt                          sivt         000C
__Hspace_0                       (abs)        1800
__Hspace_1                       (abs)        00E3
__Hspace_2                       (abs)        0000
__Hspace_3                       (abs)        0000
__Hspace_4                       (abs)        400F
__Hstack                         stack        0000
__Hstrings                       strings      0000
__Htext                          text         0000
__L__absolute__                  __absolute__ 0000
__Labs1                          abs1         0000
__Lbank0                         bank0        0000
__Lbank1                         bank1        0000
__Lbank2                         bank2        0000
__Lbank3                         bank3        0000
__LbssBANK0                      bssBANK0     0000
__LbssBANK1                      bssBANK1     0000
__LbssCOMMON                     bssCOMMON    0000
__Lcinit                         cinit        000F
__Lclrtext                       clrtext      0000
__Lcode                          code         0000
__Lcommon                        common       0000
__Lconfig                        config       0000
__LcstackBANK0                   cstackBANK0  0000
__LcstackBANK1                   cstackBANK1  0000
__LcstackCOMMON                  cstackCOMMON 0000
__LdataBANK0                     dataBANK0    0000
__LdataBANK1                     dataBANK1    0000
__LdataCOMMON                    dataCOMMON   0000
__Leeprom_data                   eeprom_data  0000
__Lend_init                      end_init     000C
__Lfunctab                       functab      0000
__Lheap                          heap         0000
__LidataBANK0                    idataBANK0   0000
__LidataBANK1                    idataBANK1   0000
__LidataCOMMON                   idataCOMMON  0000
__Lidloc                         idloc        0000
__Linit                          init         000C
__Linittext                      inittext     0000
__Lintentry                      intentry     0004
__Lmaintext                      maintext     0000
__Lpowerup                       powerup      0000
__Lram                           ram          0000
__Lreset_vec                     reset_vec    0000
__Lsfr0                          sfr0         0000
__Lsfr1                          sfr1         0000
__Lsfr2                          sfr2         0000
__Lsfr3                          sfr3         0000
__Lsivt                          sivt         000C
__Lspace_0                       (abs)        0000
__Lspace_1                       (abs)        0000
__Lspace_2                       (abs)        0000
__Lspace_3                       (abs)        0000
__Lspace_4                       (abs)        0000
__Lstack                         stack        0000
__Lstrings                       strings      0000
__Ltext                          text         0000
__S0                             (abs)        1800
__S1                             (abs)        00E3
__S3                             (abs)        0000
___awdiv                         text14       0C41
___awdiv@counter                 cstackBANK0  0020
___awdiv@dividend                cstackCOMMON 0074
___awdiv@divisor                 cstackCOMMON 0072
___awdiv@quotient                cstackBANK0  0022
___awdiv@sign                    cstackBANK0  0021
___awmod                         text13       0AB4
___awmod@counter                 cstackCOMMON 0076
___awmod@dividend                cstackCOMMON 0074
___awmod@divisor                 cstackCOMMON 0072
___awmod@sign                    cstackCOMMON 0077
___bmul                          text4        08EE
___bmul@multiplicand             cstackCOMMON 0072
___bmul@multiplier               cstackCOMMON 0074
___bmul@product                  cstackCOMMON 0073
___fldiv                         text42       02F4
___fldiv@a                       cstackBANK0  002E
___fldiv@aexp                    cstackBANK0  0047
___fldiv@b                       cstackBANK0  0032
___fldiv@bexp                    cstackBANK0  0046
___fldiv@grs                     cstackBANK0  0042
___fldiv@new_exp                 cstackBANK0  0040
___fldiv@rem                     cstackBANK0  003B
___fldiv@sign                    cstackBANK0  003F
___fltol                         text41       0755
___fltol@exp1                    cstackBANK0  0051
___fltol@f1                      cstackBANK0  0048
___fltol@sign1                   cstackBANK0  0050
___heap_hi                       (abs)        0000
___heap_lo                       (abs)        0000
___int_sp                        stack        0000
___int_stack_hi                  stack        0000
___int_stack_lo                  stack        0000
___latbits                       (abs)        0002
___lldiv                         text20       0B70
___lldiv@counter                 cstackCOMMON 0077
___lldiv@dividend                cstackBANK0  0024
___lldiv@divisor                 cstackBANK0  0020
___lldiv@quotient                cstackCOMMON 0073
___lwdiv                         text40       097C
___lwdiv@counter                 cstackCOMMON 0076
___lwdiv@dividend                cstackCOMMON 0074
___lwdiv@divisor                 cstackCOMMON 0072
___lwdiv@quotient                cstackCOMMON 0077
___lwmod                         text39       0903
___lwmod@counter                 cstackBANK0  0024
___lwmod@dividend                cstackBANK0  0022
___lwmod@divisor                 cstackBANK0  0020
___sp                            stack        0000
___stack_hi                      stack        0000
___stack_lo                      stack        0000
___stackhi                       (abs)        0000
___stacklo                       (abs)        0000
___xxtofl                        text38       0CAA
___xxtofl@arg                    cstackBANK0  002A
___xxtofl@exp                    cstackBANK0  0029
___xxtofl@sign                   cstackBANK0  0028
___xxtofl@val                    cstackBANK0  0020
__end_of___awdiv                 text14       0CAA
__end_of___awmod                 text13       0B0D
__end_of___bmul                  text4        0903
__end_of___fldiv                 text42       04C3
__end_of___fltol                 text41       07CD
__end_of___lldiv                 text20       0BD8
__end_of___lwdiv                 text40       09C0
__end_of___lwmod                 text39       093F
__end_of___xxtofl                text38       0D64
__end_of__initialization         cinit        003B
__end_of__stringtab              strings      0810
__end_of_clcd_print              text44       07FC
__end_of_clcd_putch              text12       1631
__end_of_clcd_write              text45       097C
__end_of_clear_log               text43       1714
__end_of_clear_screen            text11       15E6
__end_of_display_dash_board      text35       1000
__end_of_display_time            text37       0C41
__end_of_get_time                text27       16ED
__end_of_i2c_read                text33       16CC
__end_of_i2c_rep_start           text30       159E
__end_of_i2c_start               text32       158A
__end_of_i2c_stop                text31       1593
__end_of_i2c_wait_for_idle       text34       15CC
__end_of_i2c_write               text29       15A9
__end_of_init_adc                text26       08EE
__end_of_init_clcd               text24       15B4
__end_of_init_config             text16       0AB4
__end_of_init_digital_keypad     text23       1579
__end_of_init_display_controller text25       0B70
__end_of_init_ds1307             text21       1609
__end_of_init_i2c                text19       17C8
__end_of_init_timer2             text18       15D9
__end_of_init_uart               text15       0A0D
__end_of_isr                     text46       1800
__end_of_login                   text9        062A
__end_of_login_menu              text8        0F13
__end_of_main                    maintext     02F4
__end_of_putchar                 text7        15BF
__end_of_puts                    text6        16AB
__end_of_read_adc                text36       168C
__end_of_read_digital_keypad     text5        173E
__end_of_read_ds1307             text28       1769
__end_of_read_ext_eeprom         text17       1794
__end_of_store_event             text2        0E2A
__end_of_strncmp                 text10       0A5D
__end_of_view_log                text1        0755
__end_of_write_ds1307            text22       164F
__end_of_write_ext_eeprom        text3        166D
__initialization                 cinit        000F
__pbssBANK0                      bssBANK0     005A
__pbssBANK1                      bssBANK1     00A0
__pbssCOMMON                     bssCOMMON    0079
__pcstackBANK0                   cstackBANK0  0020
__pcstackBANK1                   cstackBANK1  00D4
__pcstackCOMMON                  cstackCOMMON 0070
__pdataBANK0                     dataBANK0    0062
__pdataBANK1                     dataBANK1    00C4
__pdataCOMMON                    dataCOMMON   007B
__pidataBANK0                    idataBANK0   07FD
__pidataBANK1                    idataBANK1   15E6
__pidataCOMMON                   idataCOMMON  07FC
__pintentry                      intentry     0004
__pmaintext                      maintext     003F
__pstrings                       strings      0800
__ptext1                         text1        062A
__ptext10                        text10       0A0D
__ptext11                        text11       15D9
__ptext12                        text12       161C
__ptext13                        text13       0AB4
__ptext14                        text14       0C41
__ptext15                        text15       09C0
__ptext16                        text16       0A5D
__ptext17                        text17       1769
__ptext18                        text18       15CC
__ptext19                        text19       1794
__ptext2                         text2        0D64
__ptext20                        text20       0B70
__ptext21                        text21       15F6
__ptext22                        text22       1631
__ptext23                        text23       1573
__ptext24                        text24       15A9
__ptext25                        text25       0B0D
__ptext26                        text26       08E7
__ptext27                        text27       16CC
__ptext28                        text28       173E
__ptext29                        text29       159E
__ptext3                         text3        164F
__ptext30                        text30       1593
__ptext31                        text31       158A
__ptext32                        text32       1581
__ptext33                        text33       16AB
__ptext34                        text34       15BF
__ptext35                        text35       0F13
__ptext36                        text36       166D
__ptext37                        text37       0BD8
__ptext38                        text38       0CAA
__ptext39                        text39       0903
__ptext4                         text4        08EE
__ptext40                        text40       097C
__ptext41                        text41       0755
__ptext42                        text42       02F4
__ptext43                        text43       16ED
__ptext44                        text44       07CD
__ptext45                        text45       093F
__ptext46                        text46       17C8
__ptext5                         text5        1714
__ptext6                         text6        168C
__ptext7                         text7        15B4
__ptext8                         text8        0E2A
__ptext9                         text9        04C3
__stringbase                     strings      080F
__stringtab                      strings      0800
_adc_val                         bssBANK1     00AF
_clcd_print                      text44       07CD
_clcd_putch                      text12       161C
_clcd_write                      text45       093F
_clear_log                       text43       16ED
_clear_screen                    text11       15D9
_clock_reg                       bssBANK1     00C1
_control_flag                    dataBANK0    0062
_count                           bssBANK0     005F
_data                            bssBANK1     00A0
_display_dash_board              text35       0F13
_display_time                    text37       0BD8
_event                           dataBANK1    00C7
_event_count                     bssBANK0     005A
_get_time                        text27       16CC
_i2c_read                        text33       16AB
_i2c_rep_start                   text30       1593
_i2c_start                       text32       1581
_i2c_stop                        text31       158A
_i2c_wait_for_idle               text34       15BF
_i2c_write                       text29       159E
_init_adc                        text26       08E7
_init_clcd                       text24       15A9
_init_config                     text16       0A5D
_init_digital_keypad             text23       1573
_init_display_controller         text25       0B0D
_init_ds1307                     text21       15F6
_init_i2c                        text19       1794
_init_timer2                     text18       15CC
_init_uart                       text15       09C0
_isr                             text46       17C8
_login                           text9        04C3
_login_menu                      text8        0E2A
_main                            maintext     003F
_menu                            dataBANK1    00C4
_nDONE                           (abs)        00FA
_password                        dataBANK1    00CF
_putchar                         text7        15B4
_puts                            text6        168C
_read_adc                        text36       166D
_read_digital_keypad             text5        1714
_read_ds1307                     text28       173E
_read_ext_eeprom                 text17       1769
_return_time                     bssBANK0     005E
_sec                             bssBANK0     0060
_speed                           bssBANK1     00BE
_store_event                     text2        0D64
_strncmp                         text10       0A0D
_time                            bssBANK1     00B1
_view_log                        text1        062A
_write_ds1307                    text22       1631
_write_ext_eeprom                text3        164F
btemp                            (abs)        007E
clcd_print@addr                  cstackCOMMON 0078
clcd_print@str                   cstackCOMMON 0076
clcd_putch@addr                  cstackCOMMON 0078
clcd_putch@data                  cstackBANK0  0024
clcd_write@byte                  cstackCOMMON 0075
clcd_write@mode                  cstackCOMMON 0072
clear_ram0                       clrtext      1579
display_dash_board@event         cstackBANK0  0057
display_dash_board@speed         cstackBANK0  0052
display_time@clock_reg           cstackBANK0  0021
end_of_initialization            cinit        003B
get_time@clock_reg               cstackCOMMON 0076
i2c_read@ack                     cstackCOMMON 0072
i2c_read@data                    cstackCOMMON 0073
i2c_write@data                   cstackCOMMON 0072
init_config@add                  cstackBANK0  0030
init_config@i                    cstackBANK0  0031
init_ds1307@dummy                cstackCOMMON 0076
init_fetch0                      inittext     1609
init_i2c@baud                    cstackBANK0  0028
init_ram0                        inittext     160D
init_uart@baud                   cstackBANK0  0028
interrupt_function               intentry     0004
intlevel0                        functab      0000
intlevel1                        functab      0000
intlevel2                        functab      0000
intlevel3                        functab      0000
intlevel4                        functab      0000
intlevel5                        functab      0000
isr@count                        bssBANK1     00AB
login@attempt_rem                bssCOMMON    007A
login@i                          bssBANK0     005D
login@j                          cstackBANK0  002E
login@key                        cstackBANK0  002D
login@npassword                  bssBANK1     00BA
login@reset_flag                 cstackBANK0  0025
login@spassword                  cstackBANK0  0029
login_menu@key                   cstackBANK0  0026
login_menu@menu_pos              bssBANK0     005C
login_menu@reset_flag            cstackBANK0  0025
main@delay                       cstackBANK1  00D4
main@i                           cstackBANK1  00E0
main@j                           cstackBANK1  00D8
main@j_178                       cstackBANK1  00DB
main@k                           cstackBANK1  00DD
main@key                         cstackBANK1  00E2
main@menu_pos                    cstackBANK1  00DA
main@reset_flag                  cstackBANK1  00DF
putchar@data                     cstackCOMMON 0072
puts@s                           cstackCOMMON 0073
read_adc@adc_reg_val             cstackCOMMON 0076
read_adc@channel                 cstackCOMMON 0075
read_digital_keypad@mode         cstackCOMMON 0073
read_digital_keypad@once         dataCOMMON   007B
read_ds1307@addr                 cstackCOMMON 0074
read_ds1307@data                 cstackCOMMON 0075
read_ext_eeprom@address          cstackCOMMON 0074
read_ext_eeprom@data             cstackCOMMON 0075
reset_vec                        reset_vec    0000
saved_w                          (abs)        007E
start                            init         000C
start_initialization             cinit        000F
store_event@count                cstackCOMMON 0077
store_event@i                    cstackBANK0  0020
store_event@j                    cstackBANK0  0022
strncmp@l                        cstackCOMMON 0077
strncmp@n                        cstackCOMMON 0073
strncmp@r                        cstackCOMMON 0072
view_log@add                     cstackBANK0  0033
view_log@i                       cstackBANK0  0035
view_log@key                     cstackBANK0  0034
view_log@reset_flag              cstackBANK0  0025
view_log@rlog                    cstackBANK0  0028
view_log@rpos                    bssBANK0     0061
write_ds1307@addr                cstackCOMMON 0074
write_ds1307@data                cstackCOMMON 0073
write_ext_eeprom@address         cstackCOMMON 0076
write_ext_eeprom@data            cstackCOMMON 0075
wtemp0                           (abs)        007E


MODULE INFORMATION

Module		Function		Class		Link	Load	Size
C:\Program Files\Microchip\xc8\v2.46\pic\sources\c99\common\fltol.c
		___fltol       		CODE           	0755	0000	120

C:\Program Files\Microchip\xc8\v2.46\pic\sources\c99\common\fltol.c estimated size: 120

timers.c
		_init_timer2   		CODE           	15CC	0000	13

timers.c estimated size: 13

digital_keypad.c
		_init_digital_keypad		CODE           	1573	0000	6
		_read_digital_keypad		CODE           	1714	0000	42

digital_keypad.c estimated size: 48

uart.c
		_init_uart     		CODE           	09C0	0000	77
		_puts          		CODE           	168C	0000	31
		_putchar       		CODE           	15B4	0000	11

uart.c estimated size: 119

C:\Program Files\Microchip\xc8\v2.46\pic\sources\c99\common\lwdiv.c
		___lwdiv       		CODE           	097C	0000	68

C:\Program Files\Microchip\xc8\v2.46\pic\sources\c99\common\lwdiv.c estimated size: 68

C:\Program Files\Microchip\xc8\v2.46\pic\sources\c99\common\awdiv.c
		___awdiv       		CODE           	0C41	0000	105

C:\Program Files\Microchip\xc8\v2.46\pic\sources\c99\common\awdiv.c estimated size: 105

C:\Program Files\Microchip\xc8\v2.46\pic\sources\c99\common\xxtofl.c
		___xxtofl      		CODE           	0CAA	0000	186

C:\Program Files\Microchip\xc8\v2.46\pic\sources\c99\common\xxtofl.c estimated size: 186

i2c.c
		_i2c_start     		CODE           	1581	0000	9
		_i2c_rep_start 		CODE           	1593	0000	11
		_i2c_write     		CODE           	159E	0000	11
		_i2c_stop      		CODE           	158A	0000	9
		_i2c_read      		CODE           	16AB	0000	33
		_init_i2c      		CODE           	1794	0000	52
		_i2c_wait_for_idle		CODE           	15BF	0000	13

i2c.c estimated size: 138

C:\Program Files\Microchip\xc8\v2.46\pic\sources\c99\common\Umul8.c
		___bmul        		CODE           	08EE	0000	21

C:\Program Files\Microchip\xc8\v2.46\pic\sources\c99\common\Umul8.c estimated size: 21

C:\Program Files\Microchip\xc8\v2.46\pic\sources\c99\common\strncmp.c
		_strncmp       		CODE           	0A0D	0000	80

C:\Program Files\Microchip\xc8\v2.46\pic\sources\c99\common\strncmp.c estimated size: 80

C:\Program Files\Microchip\xc8\v2.46\pic\sources\c99\common\sprcdiv.c
		___fldiv       		CODE           	02F4	0000	463

C:\Program Files\Microchip\xc8\v2.46\pic\sources\c99\common\sprcdiv.c estimated size: 463

ds1307.c
		_read_ds1307   		CODE           	173E	0000	43
		_write_ds1307  		CODE           	1631	0000	30
		_display_time  		CODE           	0BD8	0000	105
		_get_time      		CODE           	16CC	0000	33
		_init_ds1307   		CODE           	15F6	0000	19

ds1307.c estimated size: 230

adc.c
		_init_adc      		CODE           	08E7	0000	7
		_read_adc      		CODE           	166D	0000	31

adc.c estimated size: 38

isr.c
		_isr           		CODE           	17C8	0000	56

isr.c estimated size: 56

shared
		__stringtab    		STRING         	0800	0000	16
		__initialization		CODE           	000F	0000	44

shared estimated size: 60

C:\Program Files\Microchip\xc8\v2.46\pic\sources\c99\common\__lldiv.c
		___lldiv       		CODE           	0B70	0000	104

C:\Program Files\Microchip\xc8\v2.46\pic\sources\c99\common\__lldiv.c estimated size: 104

clcd.c
		_clcd_write    		CODE           	093F	0000	61
		_clcd_print    		CODE           	07CD	0000	47
		_clcd_putch    		CODE           	161C	0000	21
		_init_display_controller		CODE           	0B0D	0000	99
		_init_clcd     		CODE           	15A9	0000	11

clcd.c estimated size: 239

car_black_box_def.c
		_view_log      		CODE           	062A	0000	299
		_clear_screen  		CODE           	15D9	0000	13
		_display_dash_board		CODE           	0F13	0000	237
		_login_menu    		CODE           	0E2A	0000	233
		_clear_log     		CODE           	16ED	0000	39
		_login         		CODE           	04C3	0000	359

car_black_box_def.c estimated size: 1180

C:\Program Files\Microchip\xc8\v2.46\pic\sources\c99\common\lwmod.c
		___lwmod       		CODE           	0903	0000	60

C:\Program Files\Microchip\xc8\v2.46\pic\sources\c99\common\lwmod.c estimated size: 60

C:\Program Files\Microchip\xc8\v2.46\pic\sources\c99\common\awmod.c
		___awmod       		CODE           	0AB4	0000	89

C:\Program Files\Microchip\xc8\v2.46\pic\sources\c99\common\awmod.c estimated size: 89

ext_eeprom.c
		_write_ext_eeprom		CODE           	164F	0000	30
		_read_ext_eeprom		CODE           	1769	0000	43

ext_eeprom.c estimated size: 73

main.c
		_main          		CODE           	003F	0000	693
		_init_config   		CODE           	0A5D	0000	87
		_store_event   		CODE           	0D64	0000	198

main.c estimated size: 978

